

================================================================
== Vitis HLS Report for 'sampleSIM_Pipeline_loop_path_loop_share'
================================================================
* Date:           Mon Nov 10 19:25:54 2025

* Version:        2023.2 (Build 4023990 on Oct 11 2023)
* Project:        hestonEuro_hls
* Solution:       solution1 (Vivado IP Flow Target)
* Product family: zynquplus
* Target device:  xczu9eg-ffvb1156-2-e


================================================================
== Performance Estimates
================================================================
+ Timing: 
    * Summary: 
    +--------+----------+----------+------------+
    |  Clock |  Target  | Estimated| Uncertainty|
    +--------+----------+----------+------------+
    |ap_clk  |  10.00 ns|  7.646 ns|     2.70 ns|
    +--------+----------+----------+------------+

+ Latency: 
    * Summary: 
    +---------+---------+-----------+-----------+------+------+---------+
    |  Latency (cycles) |   Latency (absolute)  |   Interval  | Pipeline|
    |   min   |   max   |    min    |    max    |  min |  max |   Type  |
    +---------+---------+-----------+-----------+------+------+---------+
    |     7706|     7706|  77.060 us|  77.060 us|  7706|  7706|       no|
    +---------+---------+-----------+-----------+------+------+---------+

    + Detail: 
        * Instance: 
        +----------------------------------+----------------------+---------+---------+-----------+-----------+-----+-----+---------+
        |                                  |                      |  Latency (cycles) |   Latency (absolute)  |  Interval | Pipeline|
        |             Instance             |        Module        |   min   |   max   |    min    |    max    | min | max |   Type  |
        +----------------------------------+----------------------+---------+---------+-----------+-----------+-----+-----+---------+
        |grp_sin_or_cos_float_s_fu_2130    |sin_or_cos_float_s    |        5|        5|  50.000 ns|  50.000 ns|    1|    1|      yes|
        |grp_generic_fmax_float_s_fu_2146  |generic_fmax_float_s  |        0|        0|       0 ns|       0 ns|    1|    1|      yes|
        +----------------------------------+----------------------+---------+---------+-----------+-----------+-----+-----+---------+

        * Loop: 
        +------------------------+---------+---------+----------+-----------+-----------+------+----------+
        |                        |  Latency (cycles) | Iteration|  Initiation Interval  | Trip |          |
        |        Loop Name       |   min   |   max   |  Latency |  achieved |   target  | Count| Pipelined|
        +------------------------+---------+---------+----------+-----------+-----------+------+----------+
        |- loop_path_loop_share  |     7704|     7704|        55|         30|          1|   256|       yes|
        +------------------------+---------+---------+----------+-----------+-----------+------+----------+



================================================================
== Utilization Estimates
================================================================
* Summary: 
+-----------------+---------+------+--------+--------+-----+
|       Name      | BRAM_18K|  DSP |   FF   |   LUT  | URAM|
+-----------------+---------+------+--------+--------+-----+
|DSP              |        -|     -|       -|       -|    -|
|Expression       |        -|     -|       0|    4920|    -|
|FIFO             |        -|     -|       -|       -|    -|
|Instance         |        -|    20|    1436|    3203|    -|
|Memory           |        -|     -|       -|       -|    -|
|Multiplexer      |        -|     -|       -|    1901|    -|
|Register         |        -|     -|    5102|       -|    -|
+-----------------+---------+------+--------+--------+-----+
|Total            |        0|    20|    6538|   10024|    0|
+-----------------+---------+------+--------+--------+-----+
|Available        |     1824|  2520|  548160|  274080|    0|
+-----------------+---------+------+--------+--------+-----+
|Utilization (%)  |        0|    ~0|       1|       3|    0|
+-----------------+---------+------+--------+--------+-----+

+ Detail: 
    * Instance: 
    +----------------------------------------+------------------------------------+---------+----+-----+------+-----+
    |                Instance                |               Module               | BRAM_18K| DSP|  FF |  LUT | URAM|
    +----------------------------------------+------------------------------------+---------+----+-----+------+-----+
    |faddfsub_32ns_32ns_32_4_full_dsp_1_U24  |faddfsub_32ns_32ns_32_4_full_dsp_1  |        0|   2|  227|   214|    0|
    |faddfsub_32ns_32ns_32_4_full_dsp_1_U25  |faddfsub_32ns_32ns_32_4_full_dsp_1  |        0|   2|  227|   214|    0|
    |fmul_32ns_32ns_32_3_max_dsp_1_U28       |fmul_32ns_32ns_32_3_max_dsp_1       |        0|   3|  128|   135|    0|
    |mux_4_2_32_1_1_U32                      |mux_4_2_32_1_1                      |        0|   0|    0|    20|    0|
    |mux_4_2_32_1_1_U33                      |mux_4_2_32_1_1                      |        0|   0|    0|    20|    0|
    |mux_4_2_32_1_1_U34                      |mux_4_2_32_1_1                      |        0|   0|    0|    20|    0|
    |mux_4_2_32_1_1_U35                      |mux_4_2_32_1_1                      |        0|   0|    0|    20|    0|
    |mux_4_2_32_1_1_U36                      |mux_4_2_32_1_1                      |        0|   0|    0|    20|    0|
    |mux_4_2_32_1_1_U37                      |mux_4_2_32_1_1                      |        0|   0|    0|    20|    0|
    |mux_4_2_32_1_1_U38                      |mux_4_2_32_1_1                      |        0|   0|    0|    20|    0|
    |mux_4_2_32_1_1_U39                      |mux_4_2_32_1_1                      |        0|   0|    0|    20|    0|
    |mux_4_2_32_1_1_U40                      |mux_4_2_32_1_1                      |        0|   0|    0|    20|    0|
    |mux_4_2_32_1_1_U41                      |mux_4_2_32_1_1                      |        0|   0|    0|    20|    0|
    |mux_4_2_32_1_1_U42                      |mux_4_2_32_1_1                      |        0|   0|    0|    20|    0|
    |mux_4_2_32_1_1_U43                      |mux_4_2_32_1_1                      |        0|   0|    0|    20|    0|
    |grp_sin_or_cos_float_s_fu_2130          |sin_or_cos_float_s                  |        0|  13|  854|  2400|    0|
    |uitofp_32ns_32_4_no_dsp_1_U29           |uitofp_32ns_32_4_no_dsp_1           |        0|   0|    0|     0|    0|
    +----------------------------------------+------------------------------------+---------+----+-----+------+-----+
    |Total                                   |                                    |        0|  20| 1436|  3203|    0|
    +----------------------------------------+------------------------------------+---------+----+-----+------+-----+

    * DSP: 
    N/A

    * Memory: 
    N/A

    * FIFO: 
    N/A

    * Expression: 
    +--------------------------+----------+----+---+----+------------+------------+
    |       Variable Name      | Operation| DSP| FF| LUT| Bitwidth P0| Bitwidth P1|
    +--------------------------+----------+----+---+----+------------+------------+
    |add_ln115_fu_2820_p2      |         +|   0|  0|  16|           9|           1|
    |add_ln117_fu_6222_p2      |         +|   0|  0|  10|           3|           1|
    |add_ln127_10_fu_3238_p2   |         +|   0|  0|  16|           9|           8|
    |add_ln127_11_fu_3268_p2   |         +|   0|  0|  16|           9|           8|
    |add_ln127_1_fu_2896_p2    |         +|   0|  0|  16|           9|           8|
    |add_ln127_2_fu_2926_p2    |         +|   0|  0|  16|           9|           8|
    |add_ln127_3_fu_2996_p2    |         +|   0|  0|  39|          32|          10|
    |add_ln127_4_fu_3026_p2    |         +|   0|  0|  16|           9|           8|
    |add_ln127_5_fu_3056_p2    |         +|   0|  0|  16|           9|           8|
    |add_ln127_6_fu_3102_p2    |         +|   0|  0|  39|          32|          10|
    |add_ln127_7_fu_3132_p2    |         +|   0|  0|  16|           9|           8|
    |add_ln127_8_fu_3162_p2    |         +|   0|  0|  16|           9|           8|
    |add_ln127_9_fu_3208_p2    |         +|   0|  0|  39|          32|          10|
    |add_ln127_fu_2866_p2      |         +|   0|  0|  39|          32|          10|
    |tmp_133_fu_2854_p2        |         +|   0|  0|  39|          32|           1|
    |tmp_135_fu_2880_p2        |         +|   0|  0|  39|          32|           8|
    |tmp_136_fu_2910_p2        |         +|   0|  0|  39|          32|           8|
    |tmp_163_fu_2984_p2        |         +|   0|  0|  39|          32|           1|
    |tmp_164_fu_3010_p2        |         +|   0|  0|  39|          32|           8|
    |tmp_166_fu_3040_p2        |         +|   0|  0|  39|          32|           8|
    |tmp_167_fu_3090_p2        |         +|   0|  0|  39|          32|           1|
    |tmp_169_fu_3116_p2        |         +|   0|  0|  39|          32|           8|
    |tmp_173_fu_3146_p2        |         +|   0|  0|  39|          32|           8|
    |tmp_175_fu_3196_p2        |         +|   0|  0|  39|          32|           1|
    |tmp_176_fu_3222_p2        |         +|   0|  0|  39|          32|           8|
    |tmp_178_fu_3252_p2        |         +|   0|  0|  39|          32|           8|
    |addr_cmp216_fu_3383_p2    |      icmp|   0|  0|  71|          64|          64|
    |addr_cmp222_fu_3368_p2    |      icmp|   0|  0|  71|          64|          64|
    |addr_cmp226_fu_3377_p2    |      icmp|   0|  0|  71|          64|          64|
    |addr_cmp232_fu_3838_p2    |      icmp|   0|  0|  71|          64|          64|
    |addr_cmp236_fu_3354_p2    |      icmp|   0|  0|  71|          64|          64|
    |addr_cmp242_fu_3339_p2    |      icmp|   0|  0|  71|          64|          64|
    |addr_cmp246_fu_3348_p2    |      icmp|   0|  0|  71|          64|          64|
    |addr_cmp252_fu_3648_p2    |      icmp|   0|  0|  71|          64|          64|
    |addr_cmp256_fu_3325_p2    |      icmp|   0|  0|  71|          64|          64|
    |addr_cmp262_fu_3310_p2    |      icmp|   0|  0|  71|          64|          64|
    |addr_cmp266_fu_3319_p2    |      icmp|   0|  0|  71|          64|          64|
    |addr_cmp272_fu_3434_p2    |      icmp|   0|  0|  71|          64|          64|
    |addr_cmp276_fu_2964_p2    |      icmp|   0|  0|  71|          64|          64|
    |addr_cmp282_fu_2953_p2    |      icmp|   0|  0|  71|          64|          64|
    |addr_cmp286_fu_2978_p2    |      icmp|   0|  0|  71|          64|          64|
    |addr_cmp_fu_4028_p2       |      icmp|   0|  0|  71|          64|          64|
    |icmp_ln115_fu_2814_p2     |      icmp|   0|  0|  17|           9|          10|
    |icmp_ln117_fu_5846_p2     |      icmp|   0|  0|  12|           3|           4|
    |icmp_ln127_10_fu_3232_p2  |      icmp|   0|  0|  39|          32|           9|
    |icmp_ln127_11_fu_3262_p2  |      icmp|   0|  0|  39|          32|           9|
    |icmp_ln127_1_fu_2890_p2   |      icmp|   0|  0|  39|          32|           9|
    |icmp_ln127_2_fu_2920_p2   |      icmp|   0|  0|  39|          32|           9|
    |icmp_ln127_3_fu_2990_p2   |      icmp|   0|  0|  39|          32|           9|
    |icmp_ln127_4_fu_3020_p2   |      icmp|   0|  0|  39|          32|           9|
    |icmp_ln127_5_fu_3050_p2   |      icmp|   0|  0|  39|          32|           9|
    |icmp_ln127_6_fu_3096_p2   |      icmp|   0|  0|  39|          32|           9|
    |icmp_ln127_7_fu_3126_p2   |      icmp|   0|  0|  39|          32|           9|
    |icmp_ln127_8_fu_3156_p2   |      icmp|   0|  0|  39|          32|           9|
    |icmp_ln127_9_fu_3202_p2   |      icmp|   0|  0|  39|          32|           9|
    |icmp_ln127_fu_2860_p2     |      icmp|   0|  0|  39|          32|           9|
    |id1_1_fu_3002_p3          |    select|   0|  0|  32|           1|          32|
    |id1_2_fu_3108_p3          |    select|   0|  0|  32|           1|          32|
    |id1_3_fu_3214_p3          |    select|   0|  0|  32|           1|          32|
    |id1_fu_2872_p3            |    select|   0|  0|  32|           1|          32|
    |idm1_1_fu_3062_p3         |    select|   0|  0|   9|           1|           9|
    |idm1_2_fu_3168_p3         |    select|   0|  0|   9|           1|           9|
    |idm1_3_fu_3274_p3         |    select|   0|  0|   9|           1|           9|
    |idm1_fu_2932_p3           |    select|   0|  0|   9|           1|           9|
    |idm_1_fu_3032_p3          |    select|   0|  0|   9|           1|           9|
    |idm_2_fu_3138_p3          |    select|   0|  0|   9|           1|           9|
    |idm_3_fu_3244_p3          |    select|   0|  0|   9|           1|           9|
    |idm_fu_2902_p3            |    select|   0|  0|   9|           1|           9|
    |select_ln115_fu_5852_p3   |    select|   0|  0|   3|           1|           1|
    |x1_2_fu_3653_p3           |    select|   0|  0|  32|           1|          32|
    |x1_4_fu_3843_p3           |    select|   0|  0|  32|           1|          32|
    |x1_6_fu_4033_p3           |    select|   0|  0|  32|           1|          32|
    |x1_fu_3439_p3             |    select|   0|  0|  32|           1|          32|
    |x2_1_fu_3624_p3           |    select|   0|  0|  32|           1|          32|
    |x2_2_fu_3814_p3           |    select|   0|  0|  32|           1|          32|
    |x2_3_fu_4004_p3           |    select|   0|  0|  32|           1|          32|
    |x2_fu_3454_p3             |    select|   0|  0|  32|           1|          32|
    |xm1_1_fu_3638_p3          |    select|   0|  0|  32|           1|          32|
    |xm1_2_fu_3828_p3          |    select|   0|  0|  32|           1|          32|
    |xm1_3_fu_4018_p3          |    select|   0|  0|  32|           1|          32|
    |xm1_fu_3478_p3            |    select|   0|  0|  32|           1|          32|
    |xm_1_fu_3773_p3           |    select|   0|  0|  32|           1|          32|
    |xm_2_fu_3963_p3           |    select|   0|  0|  32|           1|          32|
    |xm_3_fu_4153_p3           |    select|   0|  0|  32|           1|          32|
    |xm_fu_3468_p3             |    select|   0|  0|  32|           1|          32|
    |xp_13_fu_3701_p3          |    select|   0|  0|  32|           1|          32|
    |xp_15_fu_3891_p3          |    select|   0|  0|  32|           1|          32|
    |xp_17_fu_4081_p3          |    select|   0|  0|  32|           1|          32|
    |xp_4_fu_3521_p3           |    select|   0|  0|  32|           1|          32|
    |xt_10_fu_4125_p3          |    select|   0|  0|  32|           1|          32|
    |xt_2_fu_3582_p3           |    select|   0|  0|  32|           1|          32|
    |xt_8_fu_3745_p3           |    select|   0|  0|  32|           1|          32|
    |xt_9_fu_3935_p3           |    select|   0|  0|  32|           1|          32|
    |ap_enable_pp0             |       xor|   0|  0|   2|           1|           2|
    |x1_10_fu_3943_p2          |       xor|   0|  0|  32|          32|          32|
    |x1_11_fu_4133_p2          |       xor|   0|  0|  32|          32|          32|
    |x1_8_fu_3590_p2           |       xor|   0|  0|  32|          32|          32|
    |x1_9_fu_3753_p2           |       xor|   0|  0|  32|          32|          32|
    |x_10_fu_3529_p2           |       xor|   0|  0|  32|          32|          32|
    |x_11_fu_3780_p2           |       xor|   0|  0|  32|          32|          32|
    |x_12_fu_3970_p2           |       xor|   0|  0|  32|          32|          32|
    |x_13_fu_4160_p2           |       xor|   0|  0|  32|          32|          32|
    |xor_ln107_1_fu_3739_p2    |       xor|   0|  0|  32|          32|          32|
    |xor_ln107_2_fu_3929_p2    |       xor|   0|  0|  32|          32|          32|
    |xor_ln107_3_fu_4119_p2    |       xor|   0|  0|  32|          32|          32|
    |xor_ln107_fu_3576_p2      |       xor|   0|  0|  32|          32|          32|
    |xp_12_fu_3695_p2          |       xor|   0|  0|  32|          32|          32|
    |xp_14_fu_3885_p2          |       xor|   0|  0|  32|          32|          32|
    |xp_16_fu_4075_p2          |       xor|   0|  0|  32|          32|          32|
    |xp_3_fu_3515_p2           |       xor|   0|  0|  32|          32|          32|
    |y1_19_fu_5219_p2          |       xor|   0|  0|  32|          32|          32|
    |y1_20_fu_5338_p2          |       xor|   0|  0|  32|          32|          32|
    |y1_21_fu_5390_p2          |       xor|   0|  0|  32|          32|          32|
    |y1_22_fu_5410_p2          |       xor|   0|  0|  32|          32|          32|
    |y1_23_fu_5420_p2          |       xor|   0|  0|  32|          32|          32|
    |y1_24_fu_5539_p2          |       xor|   0|  0|  32|          32|          32|
    |y1_25_fu_5591_p2          |       xor|   0|  0|  32|          32|          32|
    |y1_26_fu_5611_p2          |       xor|   0|  0|  32|          32|          32|
    |y1_27_fu_5621_p2          |       xor|   0|  0|  32|          32|          32|
    |y1_28_fu_5740_p2          |       xor|   0|  0|  32|          32|          32|
    |y1_29_fu_5792_p2          |       xor|   0|  0|  32|          32|          32|
    |y1_2_fu_5018_p2           |       xor|   0|  0|  32|          32|          32|
    |y1_30_fu_5812_p2          |       xor|   0|  0|  32|          32|          32|
    |y1_3_fu_5137_p2           |       xor|   0|  0|  32|          32|          32|
    |y1_4_fu_5189_p2           |       xor|   0|  0|  32|          32|          32|
    |y1_fu_5209_p2             |       xor|   0|  0|  32|          32|          32|
    |y_19_fu_4415_p2           |       xor|   0|  0|  32|          32|          32|
    |y_20_fu_4534_p2           |       xor|   0|  0|  32|          32|          32|
    |y_21_fu_4586_p2           |       xor|   0|  0|  32|          32|          32|
    |y_22_fu_4606_p2           |       xor|   0|  0|  32|          32|          32|
    |y_23_fu_4616_p2           |       xor|   0|  0|  32|          32|          32|
    |y_24_fu_4735_p2           |       xor|   0|  0|  32|          32|          32|
    |y_25_fu_4787_p2           |       xor|   0|  0|  32|          32|          32|
    |y_26_fu_4807_p2           |       xor|   0|  0|  32|          32|          32|
    |y_27_fu_4817_p2           |       xor|   0|  0|  32|          32|          32|
    |y_28_fu_4936_p2           |       xor|   0|  0|  32|          32|          32|
    |y_29_fu_4988_p2           |       xor|   0|  0|  32|          32|          32|
    |y_2_fu_4214_p2            |       xor|   0|  0|  32|          32|          32|
    |y_30_fu_5008_p2           |       xor|   0|  0|  32|          32|          32|
    |y_3_fu_4333_p2            |       xor|   0|  0|  32|          32|          32|
    |y_4_fu_4385_p2            |       xor|   0|  0|  32|          32|          32|
    |y_fu_4405_p2              |       xor|   0|  0|  32|          32|          32|
    +--------------------------+----------+----+---+----+------------+------------+
    |Total                     |          |   0|  0|4920|        3590|        3827|
    +--------------------------+----------+----+---+----+------------+------------+

    * Multiplexer: 
    +---------------------------------------+-----+-----------+-----+-----------+
    |                  Name                 | LUT | Input Size| Bits| Total Bits|
    +---------------------------------------+-----+-----------+-----+-----------+
    |ap_NS_fsm                              |  145|         31|    1|         31|
    |ap_done_int                            |    9|          2|    1|          2|
    |ap_enable_reg_pp0_iter0                |    9|          2|    1|          2|
    |ap_enable_reg_pp0_iter0_reg            |    9|          2|    1|          2|
    |ap_enable_reg_pp0_iter1                |    9|          2|    1|          2|
    |ap_sig_allocacmp_p_load107             |    9|          2|   32|         64|
    |ap_sig_allocacmp_p_load109             |    9|          2|   32|         64|
    |ap_sig_allocacmp_p_load111             |    9|          2|   32|         64|
    |ap_sig_allocacmp_p_load113             |    9|          2|   32|         64|
    |ap_sig_allocacmp_p_load115             |    9|          2|   32|         64|
    |ap_sig_allocacmp_p_load117             |    9|          2|   32|         64|
    |ap_sig_allocacmp_p_load119             |    9|          2|   32|         64|
    |ap_sig_allocacmp_p_load121             |    9|          2|   32|         64|
    |ap_sig_allocacmp_p_load123             |    9|          2|   32|         64|
    |ap_sig_allocacmp_p_load125             |    9|          2|   32|         64|
    |ap_sig_allocacmp_p_load127             |    9|          2|   32|         64|
    |ap_sig_allocacmp_p_load129             |    9|          2|   32|         64|
    |ap_sig_allocacmp_p_load163             |    9|          2|   32|         64|
    |ap_sig_allocacmp_p_load165             |    9|          2|   32|         64|
    |ap_sig_allocacmp_p_load167             |    9|          2|   32|         64|
    |ap_sig_allocacmp_p_load169             |    9|          2|   32|         64|
    |empty_100_fu_616                       |    9|          2|   32|         64|
    |empty_101_fu_620                       |    9|          2|   32|         64|
    |empty_102_fu_624                       |    9|          2|   32|         64|
    |empty_103_fu_628                       |    9|          2|   32|         64|
    |empty_104_fu_632                       |    9|          2|   32|         64|
    |empty_105_fu_636                       |    9|          2|   32|         64|
    |empty_106_fu_640                       |    9|          2|   32|         64|
    |empty_107_fu_644                       |    9|          2|   32|         64|
    |empty_108_fu_648                       |    9|          2|   32|         64|
    |empty_109_fu_652                       |    9|          2|   32|         64|
    |empty_110_fu_656                       |    9|          2|   32|         64|
    |empty_111_fu_660                       |    9|          2|   32|         64|
    |empty_112_fu_664                       |    9|          2|   32|         64|
    |empty_113_fu_668                       |    9|          2|   32|         64|
    |empty_114_fu_672                       |    9|          2|   32|         64|
    |empty_115_fu_676                       |    9|          2|   32|         64|
    |empty_116_fu_680                       |    9|          2|   32|         64|
    |empty_117_fu_684                       |    9|          2|   32|         64|
    |empty_118_fu_688                       |    9|          2|   32|         64|
    |empty_119_fu_692                       |    9|          2|   32|         64|
    |empty_120_fu_696                       |    9|          2|   32|         64|
    |empty_121_fu_700                       |    9|          2|   32|         64|
    |empty_122_fu_704                       |    9|          2|   32|         64|
    |empty_123_fu_708                       |    9|          2|   32|         64|
    |empty_124_fu_712                       |    9|          2|   32|         64|
    |empty_125_fu_716                       |    9|          2|   32|         64|
    |empty_126_fu_720                       |    9|          2|   32|         64|
    |empty_127_fu_724                       |    9|          2|   32|         64|
    |empty_128_fu_728                       |    9|          2|   32|         64|
    |empty_129_fu_732                       |    9|          2|   32|         64|
    |empty_130_fu_736                       |    9|          2|   32|         64|
    |empty_131_fu_740                       |    9|          2|   32|         64|
    |empty_132_fu_744                       |    9|          2|   32|         64|
    |empty_133_fu_748                       |    9|          2|   32|         64|
    |empty_134_fu_752                       |    9|          2|   32|         64|
    |empty_135_fu_756                       |    9|          2|   32|         64|
    |empty_136_fu_760                       |    9|          2|   32|         64|
    |empty_137_fu_764                       |    9|          2|   32|         64|
    |empty_138_fu_768                       |    9|          2|   32|         64|
    |empty_139_fu_772                       |    9|          2|   32|         64|
    |empty_140_fu_776                       |    9|          2|   32|         64|
    |empty_141_fu_780                       |    9|          2|   32|         64|
    |empty_142_fu_784                       |    9|          2|   32|         64|
    |empty_143_fu_788                       |    9|          2|   32|         64|
    |empty_92_fu_564                        |    9|          2|   32|         64|
    |empty_93_fu_572                        |    9|          2|   32|         64|
    |empty_94_fu_580                        |    9|          2|   32|         64|
    |empty_95_fu_588                        |    9|          2|   32|         64|
    |empty_96_fu_600                        |    9|          2|   32|         64|
    |empty_97_fu_604                        |    9|          2|   32|         64|
    |empty_98_fu_608                        |    9|          2|   32|         64|
    |empty_99_fu_612                        |    9|          2|   32|         64|
    |grp_fu_2151_opcode                     |   14|          3|    2|          6|
    |grp_fu_2151_p0                         |   65|         15|   32|        480|
    |grp_fu_2151_p1                         |   65|         14|   32|        448|
    |grp_fu_2155_opcode                     |   14|          3|    2|          6|
    |grp_fu_2155_p0                         |   49|          9|   32|        288|
    |grp_fu_2155_p1                         |   43|          8|   32|        256|
    |grp_fu_2191_p0                         |   81|         17|   32|        544|
    |grp_fu_2191_p1                         |   59|         11|   32|        352|
    |grp_fu_2197_p0                         |   97|         19|   32|        608|
    |grp_fu_2197_p1                         |   54|         10|   32|        320|
    |grp_fu_2203_p0                         |   59|         11|   32|        352|
    |grp_fu_2203_p1                         |   31|          6|   32|        192|
    |grp_fu_2208_p0                         |   49|          9|   32|        288|
    |grp_fu_2211_p1                         |   26|          5|   32|        160|
    |grp_fu_2216_p1                         |   26|          5|   32|        160|
    |grp_generic_fmax_float_s_fu_2146_x     |   26|          5|   32|        160|
    |grp_sin_or_cos_float_s_fu_2130_do_cos  |   14|          3|    1|          3|
    |grp_sin_or_cos_float_s_fu_2130_t_in    |   26|          5|   32|        160|
    |indvar_flatten_fu_596                  |    9|          2|    9|         18|
    |mt_rng_mt_e_0_address0                 |   14|          3|    9|         27|
    |mt_rng_mt_e_1_address0                 |   14|          3|    9|         27|
    |mt_rng_mt_e_2_address0                 |   14|          3|    9|         27|
    |mt_rng_mt_e_3_address0                 |   14|          3|    9|         27|
    |mt_rng_mt_o_0_address0                 |   14|          3|    9|         27|
    |mt_rng_mt_o_1_address0                 |   14|          3|    9|         27|
    |mt_rng_mt_o_2_address0                 |   14|          3|    9|         27|
    |mt_rng_mt_o_3_address0                 |   14|          3|    9|         27|
    |reuse_addr_reg219_fu_544               |    9|          2|   64|        128|
    |reuse_addr_reg229_fu_536               |    9|          2|   64|        128|
    |reuse_addr_reg239_fu_528               |    9|          2|   64|        128|
    |reuse_addr_reg249_fu_520               |    9|          2|   64|        128|
    |reuse_addr_reg259_fu_512               |    9|          2|   64|        128|
    |reuse_addr_reg269_fu_504               |    9|          2|   64|        128|
    |reuse_addr_reg279_fu_496               |    9|          2|   64|        128|
    |reuse_addr_reg_fu_552                  |    9|          2|   64|        128|
    |reuse_reg218_fu_548                    |    9|          2|   32|         64|
    |reuse_reg228_fu_540                    |    9|          2|   32|         64|
    |reuse_reg238_fu_532                    |    9|          2|   32|         64|
    |reuse_reg248_fu_524                    |    9|          2|   32|         64|
    |reuse_reg258_fu_516                    |    9|          2|   32|         64|
    |reuse_reg268_fu_508                    |    9|          2|   32|         64|
    |reuse_reg278_fu_500                    |    9|          2|   32|         64|
    |reuse_reg_fu_556                       |    9|          2|   32|         64|
    |s_fu_560                               |    9|          2|    3|          6|
    |x_3_fu_576                             |    9|          2|   32|         64|
    |x_4_fu_584                             |    9|          2|   32|         64|
    |x_5_fu_592                             |    9|          2|   32|         64|
    |x_fu_568                               |    9|          2|   32|         64|
    +---------------------------------------+-----+-----------+-----+-----------+
    |Total                                  | 1901|        401| 3646|      11206|
    +---------------------------------------+-----+-----------+-----+-----------+

    * Register: 
    +---------------------------------------------+----+----+-----+-----------+
    |                     Name                    | FF | LUT| Bits| Const Bits|
    +---------------------------------------------+----+----+-----+-----------+
    |addr_cmp216_reg_7411                         |   1|   0|    1|          0|
    |addr_cmp222_reg_7401                         |   1|   0|    1|          0|
    |addr_cmp226_reg_7406                         |   1|   0|    1|          0|
    |addr_cmp236_reg_7396                         |   1|   0|    1|          0|
    |addr_cmp242_reg_7386                         |   1|   0|    1|          0|
    |addr_cmp246_reg_7391                         |   1|   0|    1|          0|
    |addr_cmp256_reg_7381                         |   1|   0|    1|          0|
    |addr_cmp262_reg_7371                         |   1|   0|    1|          0|
    |addr_cmp266_reg_7376                         |   1|   0|    1|          0|
    |addr_cmp276_reg_7272                         |   1|   0|    1|          0|
    |addr_cmp282_reg_7262                         |   1|   0|    1|          0|
    |addr_cmp286_reg_7282                         |   1|   0|    1|          0|
    |ap_CS_fsm                                    |  30|   0|   30|          0|
    |ap_done_reg                                  |   1|   0|    1|          0|
    |ap_enable_reg_pp0_iter0_reg                  |   1|   0|    1|          0|
    |ap_enable_reg_pp0_iter1                      |   1|   0|    1|          0|
    |deviation_assign_1_reg_7592                  |  32|   0|   32|          0|
    |deviation_assign_2_reg_7609                  |  32|   0|   32|          0|
    |deviation_assign_3_reg_7626                  |  32|   0|   32|          0|
    |deviation_assign_reg_7570                    |  32|   0|   32|          0|
    |empty_100_fu_616                             |  32|   0|   32|          0|
    |empty_101_fu_620                             |  32|   0|   32|          0|
    |empty_102_fu_624                             |  32|   0|   32|          0|
    |empty_103_fu_628                             |  32|   0|   32|          0|
    |empty_104_fu_632                             |  32|   0|   32|          0|
    |empty_105_fu_636                             |  32|   0|   32|          0|
    |empty_106_fu_640                             |  32|   0|   32|          0|
    |empty_107_fu_644                             |  32|   0|   32|          0|
    |empty_108_fu_648                             |  32|   0|   32|          0|
    |empty_109_fu_652                             |  32|   0|   32|          0|
    |empty_110_fu_656                             |  32|   0|   32|          0|
    |empty_111_fu_660                             |  32|   0|   32|          0|
    |empty_112_fu_664                             |  32|   0|   32|          0|
    |empty_113_fu_668                             |  32|   0|   32|          0|
    |empty_114_fu_672                             |  32|   0|   32|          0|
    |empty_115_fu_676                             |  32|   0|   32|          0|
    |empty_116_fu_680                             |  32|   0|   32|          0|
    |empty_117_fu_684                             |  32|   0|   32|          0|
    |empty_118_fu_688                             |  32|   0|   32|          0|
    |empty_119_fu_692                             |  32|   0|   32|          0|
    |empty_120_fu_696                             |  32|   0|   32|          0|
    |empty_121_fu_700                             |  32|   0|   32|          0|
    |empty_122_fu_704                             |  32|   0|   32|          0|
    |empty_123_fu_708                             |  32|   0|   32|          0|
    |empty_124_fu_712                             |  32|   0|   32|          0|
    |empty_125_fu_716                             |  32|   0|   32|          0|
    |empty_126_fu_720                             |  32|   0|   32|          0|
    |empty_127_fu_724                             |  32|   0|   32|          0|
    |empty_128_fu_728                             |  32|   0|   32|          0|
    |empty_129_fu_732                             |  32|   0|   32|          0|
    |empty_130_fu_736                             |  32|   0|   32|          0|
    |empty_131_fu_740                             |  32|   0|   32|          0|
    |empty_132_fu_744                             |  32|   0|   32|          0|
    |empty_133_fu_748                             |  32|   0|   32|          0|
    |empty_134_fu_752                             |  32|   0|   32|          0|
    |empty_135_fu_756                             |  32|   0|   32|          0|
    |empty_136_fu_760                             |  32|   0|   32|          0|
    |empty_137_fu_764                             |  32|   0|   32|          0|
    |empty_138_fu_768                             |  32|   0|   32|          0|
    |empty_139_fu_772                             |  32|   0|   32|          0|
    |empty_140_fu_776                             |  32|   0|   32|          0|
    |empty_141_fu_780                             |  32|   0|   32|          0|
    |empty_142_fu_784                             |  32|   0|   32|          0|
    |empty_143_fu_788                             |  32|   0|   32|          0|
    |empty_92_fu_564                              |  32|   0|   32|          0|
    |empty_93_fu_572                              |  32|   0|   32|          0|
    |empty_94_fu_580                              |  32|   0|   32|          0|
    |empty_95_fu_588                              |  32|   0|   32|          0|
    |empty_96_fu_600                              |  32|   0|   32|          0|
    |empty_97_fu_604                              |  32|   0|   32|          0|
    |empty_98_fu_608                              |  32|   0|   32|          0|
    |empty_99_fu_612                              |  32|   0|   32|          0|
    |grp_sin_or_cos_float_s_fu_2130_ap_start_reg  |   1|   0|    1|          0|
    |icmp_ln115_reg_7240                          |   1|   0|    1|          0|
    |indvar_flatten_fu_596                        |   9|   0|    9|          0|
    |lshr_ln112_1_reg_7441                        |  21|   0|   21|          0|
    |lshr_ln112_2_reg_7461                        |  21|   0|   21|          0|
    |lshr_ln112_3_reg_7481                        |  21|   0|   21|          0|
    |lshr_ln3_reg_7431                            |  21|   0|   21|          0|
    |lshr_ln96_1_reg_7451                         |  21|   0|   21|          0|
    |lshr_ln96_2_reg_7471                         |  21|   0|   21|          0|
    |lshr_ln96_3_reg_7491                         |  21|   0|   21|          0|
    |lshr_ln_reg_7421                             |  21|   0|   21|          0|
    |mt_rng_mt_o_0_addr_reg_7251                  |   9|   0|    9|          0|
    |mt_rng_mt_o_1_addr_reg_7294                  |   9|   0|    9|          0|
    |mt_rng_mt_o_2_addr_reg_7322                  |   9|   0|    9|          0|
    |mt_rng_mt_o_3_addr_reg_7350                  |   9|   0|    9|          0|
    |mul118_1_reg_7695                            |  32|   0|   32|          0|
    |mul118_2_reg_7700                            |  32|   0|   32|          0|
    |mul8_reg_7690                                |  32|   0|   32|          0|
    |reg_2233                                     |  32|   0|   32|          0|
    |reg_2238                                     |  32|   0|   32|          0|
    |reg_2244                                     |  32|   0|   32|          0|
    |reg_2249                                     |  32|   0|   32|          0|
    |reg_2257                                     |  32|   0|   32|          0|
    |reg_2265                                     |  32|   0|   32|          0|
    |reg_2274                                     |  32|   0|   32|          0|
    |reg_2282                                     |  32|   0|   32|          0|
    |reg_2288                                     |  32|   0|   32|          0|
    |reg_2294                                     |  32|   0|   32|          0|
    |reg_2317                                     |  32|   0|   32|          0|
    |reg_2322                                     |  32|   0|   32|          0|
    |reg_2328                                     |  32|   0|   32|          0|
    |reg_2334                                     |  32|   0|   32|          0|
    |reg_2340                                     |  32|   0|   32|          0|
    |reg_2346                                     |  32|   0|   32|          0|
    |reg_2352                                     |  32|   0|   32|          0|
    |reg_2358                                     |  32|   0|   32|          0|
    |reg_2364                                     |  32|   0|   32|          0|
    |reg_2370                                     |  32|   0|   32|          0|
    |reg_2376                                     |  32|   0|   32|          0|
    |reg_2381                                     |  32|   0|   32|          0|
    |reg_2388                                     |  32|   0|   32|          0|
    |reg_2395                                     |  32|   0|   32|          0|
    |reg_2402                                     |  32|   0|   32|          0|
    |reg_2408                                     |  32|   0|   32|          0|
    |reg_2415                                     |  32|   0|   32|          0|
    |reg_2421                                     |  32|   0|   32|          0|
    |reg_2428                                     |  32|   0|   32|          0|
    |reg_2434                                     |  32|   0|   32|          0|
    |reuse_addr_reg219_fu_544                     |  64|   0|   64|          0|
    |reuse_addr_reg229_fu_536                     |  64|   0|   64|          0|
    |reuse_addr_reg239_fu_528                     |  64|   0|   64|          0|
    |reuse_addr_reg249_fu_520                     |  64|   0|   64|          0|
    |reuse_addr_reg259_fu_512                     |  64|   0|   64|          0|
    |reuse_addr_reg269_fu_504                     |  64|   0|   64|          0|
    |reuse_addr_reg279_fu_496                     |  64|   0|   64|          0|
    |reuse_addr_reg_fu_552                        |  64|   0|   64|          0|
    |reuse_reg218_fu_548                          |  32|   0|   32|          0|
    |reuse_reg228_fu_540                          |  32|   0|   32|          0|
    |reuse_reg238_fu_532                          |  32|   0|   32|          0|
    |reuse_reg248_fu_524                          |  32|   0|   32|          0|
    |reuse_reg258_fu_516                          |  32|   0|   32|          0|
    |reuse_reg268_fu_508                          |  32|   0|   32|          0|
    |reuse_reg278_fu_500                          |  32|   0|   32|          0|
    |reuse_reg_fu_556                             |  32|   0|   32|          0|
    |s_fu_560                                     |   3|   0|    3|          0|
    |select_ln115_reg_7551                        |   3|   0|    3|          0|
    |tmp2_2_reg_7536                              |  32|   0|   32|          0|
    |tmp_20_reg_7577                              |  32|   0|   32|          0|
    |tmp_21_reg_7633                              |  32|   0|   32|          0|
    |tmp_22_reg_7587                              |  32|   0|   32|          0|
    |tmp_23_reg_7663                              |  32|   0|   32|          0|
    |tmp_24_reg_7541                              |  32|   0|   32|          0|
    |tmp_26_reg_7599                              |  32|   0|   32|          0|
    |tmp_27_reg_7668                              |  32|   0|   32|          0|
    |tmp_28_reg_7546                              |  32|   0|   32|          0|
    |tmp_32_reg_7616                              |  32|   0|   32|          0|
    |tmp_33_reg_7673                              |  32|   0|   32|          0|
    |tmp_37_reg_7705                              |  32|   0|   32|          0|
    |tmp_38_reg_7582                              |  32|   0|   32|          0|
    |tmp_39_reg_7638                              |  32|   0|   32|          0|
    |tmp_40_reg_7643                              |  32|   0|   32|          0|
    |tmp_41_reg_7648                              |  32|   0|   32|          0|
    |tmp_42_reg_7653                              |  32|   0|   32|          0|
    |tmp_43_reg_7604                              |  32|   0|   32|          0|
    |tmp_50_reg_7621                              |  32|   0|   32|          0|
    |tmp_51_reg_7658                              |  32|   0|   32|          0|
    |tp_1_reg_7678                                |  32|   0|   32|          0|
    |tp_2_reg_7684                                |  32|   0|   32|          0|
    |trunc_ln123_reg_7556                         |   2|   0|    2|          0|
    |trunc_ln123_reg_7556_pp0_iter1_reg           |   2|   0|    2|          0|
    |x1_10_reg_7456                               |  32|   0|   32|          0|
    |x1_11_reg_7476                               |  32|   0|   32|          0|
    |x1_8_reg_7426                                |  32|   0|   32|          0|
    |x1_9_reg_7436                                |  32|   0|   32|          0|
    |x_10_reg_7416                                |  32|   0|   32|          0|
    |x_11_reg_7446                                |  32|   0|   32|          0|
    |x_12_reg_7466                                |  32|   0|   32|          0|
    |x_13_reg_7486                                |  32|   0|   32|          0|
    |x_3_fu_576                                   |  32|   0|   32|          0|
    |x_4_fu_584                                   |  32|   0|   32|          0|
    |x_5_fu_592                                   |  32|   0|   32|          0|
    |x_fu_568                                     |  32|   0|   32|          0|
    |zext_ln84_2_reg_7287                         |  32|   0|   64|         32|
    |zext_ln84_4_reg_7315                         |  32|   0|   64|         32|
    |zext_ln84_6_reg_7343                         |  32|   0|   64|         32|
    |zext_ln84_reg_7244                           |  32|   0|   64|         32|
    +---------------------------------------------+----+----+-----+-----------+
    |Total                                        |5102|   0| 5230|        128|
    +---------------------------------------------+----+----+-----+-----------+



================================================================
== Interface
================================================================
* Summary: 
+------------------------------------------+-----+-----+------------+-----------------------------------------+--------------+
|                 RTL Ports                | Dir | Bits|  Protocol  |              Source Object              |    C Type    |
+------------------------------------------+-----+-----+------------+-----------------------------------------+--------------+
|ap_clk                                    |   in|    1|  ap_ctrl_hs|  sampleSIM_Pipeline_loop_path_loop_share|  return value|
|ap_rst                                    |   in|    1|  ap_ctrl_hs|  sampleSIM_Pipeline_loop_path_loop_share|  return value|
|ap_start                                  |   in|    1|  ap_ctrl_hs|  sampleSIM_Pipeline_loop_path_loop_share|  return value|
|ap_done                                   |  out|    1|  ap_ctrl_hs|  sampleSIM_Pipeline_loop_path_loop_share|  return value|
|ap_idle                                   |  out|    1|  ap_ctrl_hs|  sampleSIM_Pipeline_loop_path_loop_share|  return value|
|ap_ready                                  |  out|    1|  ap_ctrl_hs|  sampleSIM_Pipeline_loop_path_loop_share|  return value|
|grp_fu_2618_p_din0                        |  out|   32|  ap_ctrl_hs|  sampleSIM_Pipeline_loop_path_loop_share|  return value|
|grp_fu_2618_p_din1                        |  out|   32|  ap_ctrl_hs|  sampleSIM_Pipeline_loop_path_loop_share|  return value|
|grp_fu_2618_p_dout0                       |   in|   32|  ap_ctrl_hs|  sampleSIM_Pipeline_loop_path_loop_share|  return value|
|grp_fu_2618_p_ce                          |  out|    1|  ap_ctrl_hs|  sampleSIM_Pipeline_loop_path_loop_share|  return value|
|grp_fu_2624_p_din0                        |  out|   32|  ap_ctrl_hs|  sampleSIM_Pipeline_loop_path_loop_share|  return value|
|grp_fu_2624_p_din1                        |  out|   32|  ap_ctrl_hs|  sampleSIM_Pipeline_loop_path_loop_share|  return value|
|grp_fu_2624_p_dout0                       |   in|   32|  ap_ctrl_hs|  sampleSIM_Pipeline_loop_path_loop_share|  return value|
|grp_fu_2624_p_ce                          |  out|    1|  ap_ctrl_hs|  sampleSIM_Pipeline_loop_path_loop_share|  return value|
|grp_fu_2643_p_din0                        |  out|   32|  ap_ctrl_hs|  sampleSIM_Pipeline_loop_path_loop_share|  return value|
|grp_fu_2643_p_din1                        |  out|   32|  ap_ctrl_hs|  sampleSIM_Pipeline_loop_path_loop_share|  return value|
|grp_fu_2643_p_dout0                       |   in|   32|  ap_ctrl_hs|  sampleSIM_Pipeline_loop_path_loop_share|  return value|
|grp_fu_2643_p_ce                          |  out|    1|  ap_ctrl_hs|  sampleSIM_Pipeline_loop_path_loop_share|  return value|
|grp_fu_2648_p_din0                        |  out|   32|  ap_ctrl_hs|  sampleSIM_Pipeline_loop_path_loop_share|  return value|
|grp_fu_2648_p_din1                        |  out|   32|  ap_ctrl_hs|  sampleSIM_Pipeline_loop_path_loop_share|  return value|
|grp_fu_2648_p_dout0                       |   in|   32|  ap_ctrl_hs|  sampleSIM_Pipeline_loop_path_loop_share|  return value|
|grp_fu_2648_p_ce                          |  out|    1|  ap_ctrl_hs|  sampleSIM_Pipeline_loop_path_loop_share|  return value|
|grp_generic_fmax_float_s_fu_2405_p_din1   |  out|   32|  ap_ctrl_hs|  sampleSIM_Pipeline_loop_path_loop_share|  return value|
|grp_generic_fmax_float_s_fu_2405_p_dout0  |   in|   32|  ap_ctrl_hs|  sampleSIM_Pipeline_loop_path_loop_share|  return value|
|grp_generic_fmax_float_s_fu_2405_p_ready  |   in|    1|  ap_ctrl_hs|  sampleSIM_Pipeline_loop_path_loop_share|  return value|
|empty_23                                  |   in|   32|     ap_none|                                 empty_23|        scalar|
|empty_24                                  |   in|   32|     ap_none|                                 empty_24|        scalar|
|empty_25                                  |   in|   32|     ap_none|                                 empty_25|        scalar|
|empty_26                                  |   in|   32|     ap_none|                                 empty_26|        scalar|
|empty_27                                  |   in|   32|     ap_none|                                 empty_27|        scalar|
|empty_28                                  |   in|   32|     ap_none|                                 empty_28|        scalar|
|empty_29                                  |   in|   32|     ap_none|                                 empty_29|        scalar|
|empty_30                                  |   in|   32|     ap_none|                                 empty_30|        scalar|
|empty_31                                  |   in|   32|     ap_none|                                 empty_31|        scalar|
|empty_32                                  |   in|   32|     ap_none|                                 empty_32|        scalar|
|empty_33                                  |   in|   32|     ap_none|                                 empty_33|        scalar|
|empty_34                                  |   in|   32|     ap_none|                                 empty_34|        scalar|
|empty_35                                  |   in|   32|     ap_none|                                 empty_35|        scalar|
|empty_36                                  |   in|   32|     ap_none|                                 empty_36|        scalar|
|empty_37                                  |   in|   32|     ap_none|                                 empty_37|        scalar|
|empty_38                                  |   in|   32|     ap_none|                                 empty_38|        scalar|
|empty_39                                  |   in|   32|     ap_none|                                 empty_39|        scalar|
|empty_40                                  |   in|   32|     ap_none|                                 empty_40|        scalar|
|empty_41                                  |   in|   32|     ap_none|                                 empty_41|        scalar|
|empty_42                                  |   in|   32|     ap_none|                                 empty_42|        scalar|
|empty_43                                  |   in|   32|     ap_none|                                 empty_43|        scalar|
|empty_44                                  |   in|   32|     ap_none|                                 empty_44|        scalar|
|empty_45                                  |   in|   32|     ap_none|                                 empty_45|        scalar|
|empty_46                                  |   in|   32|     ap_none|                                 empty_46|        scalar|
|empty_47                                  |   in|   32|     ap_none|                                 empty_47|        scalar|
|empty_48                                  |   in|   32|     ap_none|                                 empty_48|        scalar|
|empty_49                                  |   in|   32|     ap_none|                                 empty_49|        scalar|
|empty_50                                  |   in|   32|     ap_none|                                 empty_50|        scalar|
|empty_51                                  |   in|   32|     ap_none|                                 empty_51|        scalar|
|empty_52                                  |   in|   32|     ap_none|                                 empty_52|        scalar|
|empty_53                                  |   in|   32|     ap_none|                                 empty_53|        scalar|
|empty_54                                  |   in|   32|     ap_none|                                 empty_54|        scalar|
|empty_55                                  |   in|   32|     ap_none|                                 empty_55|        scalar|
|empty_56                                  |   in|   32|     ap_none|                                 empty_56|        scalar|
|empty_57                                  |   in|   32|     ap_none|                                 empty_57|        scalar|
|empty_58                                  |   in|   32|     ap_none|                                 empty_58|        scalar|
|empty_59                                  |   in|   32|     ap_none|                                 empty_59|        scalar|
|empty_60                                  |   in|   32|     ap_none|                                 empty_60|        scalar|
|empty_61                                  |   in|   32|     ap_none|                                 empty_61|        scalar|
|empty_62                                  |   in|   32|     ap_none|                                 empty_62|        scalar|
|empty_63                                  |   in|   32|     ap_none|                                 empty_63|        scalar|
|empty_64                                  |   in|   32|     ap_none|                                 empty_64|        scalar|
|empty_65                                  |   in|   32|     ap_none|                                 empty_65|        scalar|
|empty_66                                  |   in|   32|     ap_none|                                 empty_66|        scalar|
|empty_67                                  |   in|   32|     ap_none|                                 empty_67|        scalar|
|empty_68                                  |   in|   32|     ap_none|                                 empty_68|        scalar|
|empty_69                                  |   in|   32|     ap_none|                                 empty_69|        scalar|
|empty                                     |   in|   32|     ap_none|                                    empty|        scalar|
|mt_rng_seed_3_0                           |   in|   32|     ap_none|                          mt_rng_seed_3_0|        scalar|
|mt_rng_index_3_0                          |   in|   32|     ap_none|                         mt_rng_index_3_0|        scalar|
|mt_rng_seed_2_0                           |   in|   32|     ap_none|                          mt_rng_seed_2_0|        scalar|
|mt_rng_index_2_0                          |   in|   32|     ap_none|                         mt_rng_index_2_0|        scalar|
|mt_rng_seed_1_0                           |   in|   32|     ap_none|                          mt_rng_seed_1_0|        scalar|
|mt_rng_index_1_0                          |   in|   32|     ap_none|                         mt_rng_index_1_0|        scalar|
|mt_rng_seed_0_0                           |   in|   32|     ap_none|                          mt_rng_seed_0_0|        scalar|
|mt_rng_index_0_0                          |   in|   32|     ap_none|                         mt_rng_index_0_0|        scalar|
|pVols_0_3                                 |  out|   32|      ap_vld|                                pVols_0_3|       pointer|
|pVols_0_3_ap_vld                          |  out|    1|      ap_vld|                                pVols_0_3|       pointer|
|Dt                                        |   in|   32|     ap_none|                                       Dt|        scalar|
|stockPrice_0_3                            |  out|   32|      ap_vld|                           stockPrice_0_3|       pointer|
|stockPrice_0_3_ap_vld                     |  out|    1|      ap_vld|                           stockPrice_0_3|       pointer|
|ratio3                                    |   in|   32|     ap_none|                                   ratio3|        scalar|
|this_vol_correlation_val                  |   in|   32|     ap_none|                 this_vol_correlation_val|        scalar|
|ratio2                                    |   in|   32|     ap_none|                                   ratio2|        scalar|
|vols_0_3                                  |  out|   32|      ap_vld|                                 vols_0_3|       pointer|
|vols_0_3_ap_vld                           |  out|    1|      ap_vld|                                 vols_0_3|       pointer|
|this_vol_kappa_val                        |   in|   32|     ap_none|                       this_vol_kappa_val|        scalar|
|ratio4                                    |   in|   32|     ap_none|                                   ratio4|        scalar|
|p_read                                    |   in|   32|     ap_none|                                   p_read|        scalar|
|pVols_0_2                                 |  out|   32|      ap_vld|                                pVols_0_2|       pointer|
|pVols_0_2_ap_vld                          |  out|    1|      ap_vld|                                pVols_0_2|       pointer|
|stockPrice_0_2                            |  out|   32|      ap_vld|                           stockPrice_0_2|       pointer|
|stockPrice_0_2_ap_vld                     |  out|    1|      ap_vld|                           stockPrice_0_2|       pointer|
|vols_0_2                                  |  out|   32|      ap_vld|                                 vols_0_2|       pointer|
|vols_0_2_ap_vld                           |  out|    1|      ap_vld|                                 vols_0_2|       pointer|
|pVols_0_1                                 |  out|   32|      ap_vld|                                pVols_0_1|       pointer|
|pVols_0_1_ap_vld                          |  out|    1|      ap_vld|                                pVols_0_1|       pointer|
|stockPrice_0_1                            |  out|   32|      ap_vld|                           stockPrice_0_1|       pointer|
|stockPrice_0_1_ap_vld                     |  out|    1|      ap_vld|                           stockPrice_0_1|       pointer|
|vols_0_1                                  |  out|   32|      ap_vld|                                 vols_0_1|       pointer|
|vols_0_1_ap_vld                           |  out|    1|      ap_vld|                                 vols_0_1|       pointer|
|stockPrice_0                              |  out|   32|      ap_vld|                             stockPrice_0|       pointer|
|stockPrice_0_ap_vld                       |  out|    1|      ap_vld|                             stockPrice_0|       pointer|
|pVols_0                                   |  out|   32|      ap_vld|                                  pVols_0|       pointer|
|pVols_0_ap_vld                            |  out|    1|      ap_vld|                                  pVols_0|       pointer|
|vols_0                                    |  out|   32|      ap_vld|                                   vols_0|       pointer|
|vols_0_ap_vld                             |  out|    1|      ap_vld|                                   vols_0|       pointer|
|mt_rng_mt_o_0_address0                    |  out|    9|   ap_memory|                            mt_rng_mt_o_0|         array|
|mt_rng_mt_o_0_ce0                         |  out|    1|   ap_memory|                            mt_rng_mt_o_0|         array|
|mt_rng_mt_o_0_we0                         |  out|    1|   ap_memory|                            mt_rng_mt_o_0|         array|
|mt_rng_mt_o_0_d0                          |  out|   32|   ap_memory|                            mt_rng_mt_o_0|         array|
|mt_rng_mt_o_0_q0                          |   in|   32|   ap_memory|                            mt_rng_mt_o_0|         array|
|mt_rng_mt_o_0_address1                    |  out|    9|   ap_memory|                            mt_rng_mt_o_0|         array|
|mt_rng_mt_o_0_ce1                         |  out|    1|   ap_memory|                            mt_rng_mt_o_0|         array|
|mt_rng_mt_o_0_q1                          |   in|   32|   ap_memory|                            mt_rng_mt_o_0|         array|
|mt_rng_mt_e_0_address0                    |  out|    9|   ap_memory|                            mt_rng_mt_e_0|         array|
|mt_rng_mt_e_0_ce0                         |  out|    1|   ap_memory|                            mt_rng_mt_e_0|         array|
|mt_rng_mt_e_0_we0                         |  out|    1|   ap_memory|                            mt_rng_mt_e_0|         array|
|mt_rng_mt_e_0_d0                          |  out|   32|   ap_memory|                            mt_rng_mt_e_0|         array|
|mt_rng_mt_e_0_q0                          |   in|   32|   ap_memory|                            mt_rng_mt_e_0|         array|
|mt_rng_mt_e_0_address1                    |  out|    9|   ap_memory|                            mt_rng_mt_e_0|         array|
|mt_rng_mt_e_0_ce1                         |  out|    1|   ap_memory|                            mt_rng_mt_e_0|         array|
|mt_rng_mt_e_0_q1                          |   in|   32|   ap_memory|                            mt_rng_mt_e_0|         array|
|mt_rng_mt_o_1_address0                    |  out|    9|   ap_memory|                            mt_rng_mt_o_1|         array|
|mt_rng_mt_o_1_ce0                         |  out|    1|   ap_memory|                            mt_rng_mt_o_1|         array|
|mt_rng_mt_o_1_we0                         |  out|    1|   ap_memory|                            mt_rng_mt_o_1|         array|
|mt_rng_mt_o_1_d0                          |  out|   32|   ap_memory|                            mt_rng_mt_o_1|         array|
|mt_rng_mt_o_1_q0                          |   in|   32|   ap_memory|                            mt_rng_mt_o_1|         array|
|mt_rng_mt_o_1_address1                    |  out|    9|   ap_memory|                            mt_rng_mt_o_1|         array|
|mt_rng_mt_o_1_ce1                         |  out|    1|   ap_memory|                            mt_rng_mt_o_1|         array|
|mt_rng_mt_o_1_q1                          |   in|   32|   ap_memory|                            mt_rng_mt_o_1|         array|
|mt_rng_mt_e_1_address0                    |  out|    9|   ap_memory|                            mt_rng_mt_e_1|         array|
|mt_rng_mt_e_1_ce0                         |  out|    1|   ap_memory|                            mt_rng_mt_e_1|         array|
|mt_rng_mt_e_1_we0                         |  out|    1|   ap_memory|                            mt_rng_mt_e_1|         array|
|mt_rng_mt_e_1_d0                          |  out|   32|   ap_memory|                            mt_rng_mt_e_1|         array|
|mt_rng_mt_e_1_q0                          |   in|   32|   ap_memory|                            mt_rng_mt_e_1|         array|
|mt_rng_mt_e_1_address1                    |  out|    9|   ap_memory|                            mt_rng_mt_e_1|         array|
|mt_rng_mt_e_1_ce1                         |  out|    1|   ap_memory|                            mt_rng_mt_e_1|         array|
|mt_rng_mt_e_1_q1                          |   in|   32|   ap_memory|                            mt_rng_mt_e_1|         array|
|mt_rng_mt_o_2_address0                    |  out|    9|   ap_memory|                            mt_rng_mt_o_2|         array|
|mt_rng_mt_o_2_ce0                         |  out|    1|   ap_memory|                            mt_rng_mt_o_2|         array|
|mt_rng_mt_o_2_we0                         |  out|    1|   ap_memory|                            mt_rng_mt_o_2|         array|
|mt_rng_mt_o_2_d0                          |  out|   32|   ap_memory|                            mt_rng_mt_o_2|         array|
|mt_rng_mt_o_2_q0                          |   in|   32|   ap_memory|                            mt_rng_mt_o_2|         array|
|mt_rng_mt_o_2_address1                    |  out|    9|   ap_memory|                            mt_rng_mt_o_2|         array|
|mt_rng_mt_o_2_ce1                         |  out|    1|   ap_memory|                            mt_rng_mt_o_2|         array|
|mt_rng_mt_o_2_q1                          |   in|   32|   ap_memory|                            mt_rng_mt_o_2|         array|
|mt_rng_mt_e_2_address0                    |  out|    9|   ap_memory|                            mt_rng_mt_e_2|         array|
|mt_rng_mt_e_2_ce0                         |  out|    1|   ap_memory|                            mt_rng_mt_e_2|         array|
|mt_rng_mt_e_2_we0                         |  out|    1|   ap_memory|                            mt_rng_mt_e_2|         array|
|mt_rng_mt_e_2_d0                          |  out|   32|   ap_memory|                            mt_rng_mt_e_2|         array|
|mt_rng_mt_e_2_q0                          |   in|   32|   ap_memory|                            mt_rng_mt_e_2|         array|
|mt_rng_mt_e_2_address1                    |  out|    9|   ap_memory|                            mt_rng_mt_e_2|         array|
|mt_rng_mt_e_2_ce1                         |  out|    1|   ap_memory|                            mt_rng_mt_e_2|         array|
|mt_rng_mt_e_2_q1                          |   in|   32|   ap_memory|                            mt_rng_mt_e_2|         array|
|mt_rng_mt_o_3_address0                    |  out|    9|   ap_memory|                            mt_rng_mt_o_3|         array|
|mt_rng_mt_o_3_ce0                         |  out|    1|   ap_memory|                            mt_rng_mt_o_3|         array|
|mt_rng_mt_o_3_we0                         |  out|    1|   ap_memory|                            mt_rng_mt_o_3|         array|
|mt_rng_mt_o_3_d0                          |  out|   32|   ap_memory|                            mt_rng_mt_o_3|         array|
|mt_rng_mt_o_3_q0                          |   in|   32|   ap_memory|                            mt_rng_mt_o_3|         array|
|mt_rng_mt_o_3_address1                    |  out|    9|   ap_memory|                            mt_rng_mt_o_3|         array|
|mt_rng_mt_o_3_ce1                         |  out|    1|   ap_memory|                            mt_rng_mt_o_3|         array|
|mt_rng_mt_o_3_q1                          |   in|   32|   ap_memory|                            mt_rng_mt_o_3|         array|
|mt_rng_mt_e_3_address0                    |  out|    9|   ap_memory|                            mt_rng_mt_e_3|         array|
|mt_rng_mt_e_3_ce0                         |  out|    1|   ap_memory|                            mt_rng_mt_e_3|         array|
|mt_rng_mt_e_3_we0                         |  out|    1|   ap_memory|                            mt_rng_mt_e_3|         array|
|mt_rng_mt_e_3_d0                          |  out|   32|   ap_memory|                            mt_rng_mt_e_3|         array|
|mt_rng_mt_e_3_q0                          |   in|   32|   ap_memory|                            mt_rng_mt_e_3|         array|
|mt_rng_mt_e_3_address1                    |  out|    9|   ap_memory|                            mt_rng_mt_e_3|         array|
|mt_rng_mt_e_3_ce1                         |  out|    1|   ap_memory|                            mt_rng_mt_e_3|         array|
|mt_rng_mt_e_3_q1                          |   in|   32|   ap_memory|                            mt_rng_mt_e_3|         array|
|vols_1                                    |  out|   32|      ap_vld|                                   vols_1|       pointer|
|vols_1_ap_vld                             |  out|    1|      ap_vld|                                   vols_1|       pointer|
|vols_2                                    |  out|   32|      ap_vld|                                   vols_2|       pointer|
|vols_2_ap_vld                             |  out|    1|      ap_vld|                                   vols_2|       pointer|
|vols_3                                    |  out|   32|      ap_vld|                                   vols_3|       pointer|
|vols_3_ap_vld                             |  out|    1|      ap_vld|                                   vols_3|       pointer|
|pVols_1                                   |  out|   32|      ap_vld|                                  pVols_1|       pointer|
|pVols_1_ap_vld                            |  out|    1|      ap_vld|                                  pVols_1|       pointer|
|pVols_2                                   |  out|   32|      ap_vld|                                  pVols_2|       pointer|
|pVols_2_ap_vld                            |  out|    1|      ap_vld|                                  pVols_2|       pointer|
|pVols_3                                   |  out|   32|      ap_vld|                                  pVols_3|       pointer|
|pVols_3_ap_vld                            |  out|    1|      ap_vld|                                  pVols_3|       pointer|
|stockPrice_1                              |  out|   32|      ap_vld|                             stockPrice_1|       pointer|
|stockPrice_1_ap_vld                       |  out|    1|      ap_vld|                             stockPrice_1|       pointer|
|stockPrice_2                              |  out|   32|      ap_vld|                             stockPrice_2|       pointer|
|stockPrice_2_ap_vld                       |  out|    1|      ap_vld|                             stockPrice_2|       pointer|
|stockPrice_3                              |  out|   32|      ap_vld|                             stockPrice_3|       pointer|
|stockPrice_3_ap_vld                       |  out|    1|      ap_vld|                             stockPrice_3|       pointer|
|vols_1_1                                  |  out|   32|      ap_vld|                                 vols_1_1|       pointer|
|vols_1_1_ap_vld                           |  out|    1|      ap_vld|                                 vols_1_1|       pointer|
|vols_2_1                                  |  out|   32|      ap_vld|                                 vols_2_1|       pointer|
|vols_2_1_ap_vld                           |  out|    1|      ap_vld|                                 vols_2_1|       pointer|
|vols_3_1                                  |  out|   32|      ap_vld|                                 vols_3_1|       pointer|
|vols_3_1_ap_vld                           |  out|    1|      ap_vld|                                 vols_3_1|       pointer|
|stockPrice_1_1                            |  out|   32|      ap_vld|                           stockPrice_1_1|       pointer|
|stockPrice_1_1_ap_vld                     |  out|    1|      ap_vld|                           stockPrice_1_1|       pointer|
|stockPrice_2_1                            |  out|   32|      ap_vld|                           stockPrice_2_1|       pointer|
|stockPrice_2_1_ap_vld                     |  out|    1|      ap_vld|                           stockPrice_2_1|       pointer|
|stockPrice_3_1                            |  out|   32|      ap_vld|                           stockPrice_3_1|       pointer|
|stockPrice_3_1_ap_vld                     |  out|    1|      ap_vld|                           stockPrice_3_1|       pointer|
|pVols_1_1                                 |  out|   32|      ap_vld|                                pVols_1_1|       pointer|
|pVols_1_1_ap_vld                          |  out|    1|      ap_vld|                                pVols_1_1|       pointer|
|pVols_2_1                                 |  out|   32|      ap_vld|                                pVols_2_1|       pointer|
|pVols_2_1_ap_vld                          |  out|    1|      ap_vld|                                pVols_2_1|       pointer|
|pVols_3_1                                 |  out|   32|      ap_vld|                                pVols_3_1|       pointer|
|pVols_3_1_ap_vld                          |  out|    1|      ap_vld|                                pVols_3_1|       pointer|
|vols_1_2                                  |  out|   32|      ap_vld|                                 vols_1_2|       pointer|
|vols_1_2_ap_vld                           |  out|    1|      ap_vld|                                 vols_1_2|       pointer|
|vols_2_2                                  |  out|   32|      ap_vld|                                 vols_2_2|       pointer|
|vols_2_2_ap_vld                           |  out|    1|      ap_vld|                                 vols_2_2|       pointer|
|vols_3_2                                  |  out|   32|      ap_vld|                                 vols_3_2|       pointer|
|vols_3_2_ap_vld                           |  out|    1|      ap_vld|                                 vols_3_2|       pointer|
|stockPrice_1_2                            |  out|   32|      ap_vld|                           stockPrice_1_2|       pointer|
|stockPrice_1_2_ap_vld                     |  out|    1|      ap_vld|                           stockPrice_1_2|       pointer|
|stockPrice_2_2                            |  out|   32|      ap_vld|                           stockPrice_2_2|       pointer|
|stockPrice_2_2_ap_vld                     |  out|    1|      ap_vld|                           stockPrice_2_2|       pointer|
|stockPrice_3_2                            |  out|   32|      ap_vld|                           stockPrice_3_2|       pointer|
|stockPrice_3_2_ap_vld                     |  out|    1|      ap_vld|                           stockPrice_3_2|       pointer|
|pVols_1_2                                 |  out|   32|      ap_vld|                                pVols_1_2|       pointer|
|pVols_1_2_ap_vld                          |  out|    1|      ap_vld|                                pVols_1_2|       pointer|
|pVols_2_2                                 |  out|   32|      ap_vld|                                pVols_2_2|       pointer|
|pVols_2_2_ap_vld                          |  out|    1|      ap_vld|                                pVols_2_2|       pointer|
|pVols_3_2                                 |  out|   32|      ap_vld|                                pVols_3_2|       pointer|
|pVols_3_2_ap_vld                          |  out|    1|      ap_vld|                                pVols_3_2|       pointer|
|vols_1_3                                  |  out|   32|      ap_vld|                                 vols_1_3|       pointer|
|vols_1_3_ap_vld                           |  out|    1|      ap_vld|                                 vols_1_3|       pointer|
|vols_2_3                                  |  out|   32|      ap_vld|                                 vols_2_3|       pointer|
|vols_2_3_ap_vld                           |  out|    1|      ap_vld|                                 vols_2_3|       pointer|
|vols_3_3                                  |  out|   32|      ap_vld|                                 vols_3_3|       pointer|
|vols_3_3_ap_vld                           |  out|    1|      ap_vld|                                 vols_3_3|       pointer|
|stockPrice_1_3                            |  out|   32|      ap_vld|                           stockPrice_1_3|       pointer|
|stockPrice_1_3_ap_vld                     |  out|    1|      ap_vld|                           stockPrice_1_3|       pointer|
|stockPrice_2_3                            |  out|   32|      ap_vld|                           stockPrice_2_3|       pointer|
|stockPrice_2_3_ap_vld                     |  out|    1|      ap_vld|                           stockPrice_2_3|       pointer|
|stockPrice_3_3                            |  out|   32|      ap_vld|                           stockPrice_3_3|       pointer|
|stockPrice_3_3_ap_vld                     |  out|    1|      ap_vld|                           stockPrice_3_3|       pointer|
|pVols_1_3                                 |  out|   32|      ap_vld|                                pVols_1_3|       pointer|
|pVols_1_3_ap_vld                          |  out|    1|      ap_vld|                                pVols_1_3|       pointer|
|pVols_2_3                                 |  out|   32|      ap_vld|                                pVols_2_3|       pointer|
|pVols_2_3_ap_vld                          |  out|    1|      ap_vld|                                pVols_2_3|       pointer|
|pVols_3_3                                 |  out|   32|      ap_vld|                                pVols_3_3|       pointer|
|pVols_3_3_ap_vld                          |  out|    1|      ap_vld|                                pVols_3_3|       pointer|
|p_out                                     |  out|   32|      ap_vld|                                    p_out|       pointer|
|p_out_ap_vld                              |  out|    1|      ap_vld|                                    p_out|       pointer|
|p_out1                                    |  out|   32|      ap_vld|                                   p_out1|       pointer|
|p_out1_ap_vld                             |  out|    1|      ap_vld|                                   p_out1|       pointer|
|p_out2                                    |  out|   32|      ap_vld|                                   p_out2|       pointer|
|p_out2_ap_vld                             |  out|    1|      ap_vld|                                   p_out2|       pointer|
|p_out3                                    |  out|   32|      ap_vld|                                   p_out3|       pointer|
|p_out3_ap_vld                             |  out|    1|      ap_vld|                                   p_out3|       pointer|
|p_out4                                    |  out|   32|      ap_vld|                                   p_out4|       pointer|
|p_out4_ap_vld                             |  out|    1|      ap_vld|                                   p_out4|       pointer|
|p_out5                                    |  out|   32|      ap_vld|                                   p_out5|       pointer|
|p_out5_ap_vld                             |  out|    1|      ap_vld|                                   p_out5|       pointer|
|p_out6                                    |  out|   32|      ap_vld|                                   p_out6|       pointer|
|p_out6_ap_vld                             |  out|    1|      ap_vld|                                   p_out6|       pointer|
|p_out7                                    |  out|   32|      ap_vld|                                   p_out7|       pointer|
|p_out7_ap_vld                             |  out|    1|      ap_vld|                                   p_out7|       pointer|
|p_out8                                    |  out|   32|      ap_vld|                                   p_out8|       pointer|
|p_out8_ap_vld                             |  out|    1|      ap_vld|                                   p_out8|       pointer|
|p_out9                                    |  out|   32|      ap_vld|                                   p_out9|       pointer|
|p_out9_ap_vld                             |  out|    1|      ap_vld|                                   p_out9|       pointer|
|p_out10                                   |  out|   32|      ap_vld|                                  p_out10|       pointer|
|p_out10_ap_vld                            |  out|    1|      ap_vld|                                  p_out10|       pointer|
|p_out11                                   |  out|   32|      ap_vld|                                  p_out11|       pointer|
|p_out11_ap_vld                            |  out|    1|      ap_vld|                                  p_out11|       pointer|
|p_out12                                   |  out|   32|      ap_vld|                                  p_out12|       pointer|
|p_out12_ap_vld                            |  out|    1|      ap_vld|                                  p_out12|       pointer|
|p_out13                                   |  out|   32|      ap_vld|                                  p_out13|       pointer|
|p_out13_ap_vld                            |  out|    1|      ap_vld|                                  p_out13|       pointer|
|p_out14                                   |  out|   32|      ap_vld|                                  p_out14|       pointer|
|p_out14_ap_vld                            |  out|    1|      ap_vld|                                  p_out14|       pointer|
|p_out15                                   |  out|   32|      ap_vld|                                  p_out15|       pointer|
|p_out15_ap_vld                            |  out|    1|      ap_vld|                                  p_out15|       pointer|
|p_out16                                   |  out|   32|      ap_vld|                                  p_out16|       pointer|
|p_out16_ap_vld                            |  out|    1|      ap_vld|                                  p_out16|       pointer|
|p_out17                                   |  out|   32|      ap_vld|                                  p_out17|       pointer|
|p_out17_ap_vld                            |  out|    1|      ap_vld|                                  p_out17|       pointer|
|p_out18                                   |  out|   32|      ap_vld|                                  p_out18|       pointer|
|p_out18_ap_vld                            |  out|    1|      ap_vld|                                  p_out18|       pointer|
|p_out19                                   |  out|   32|      ap_vld|                                  p_out19|       pointer|
|p_out19_ap_vld                            |  out|    1|      ap_vld|                                  p_out19|       pointer|
|p_out20                                   |  out|   32|      ap_vld|                                  p_out20|       pointer|
|p_out20_ap_vld                            |  out|    1|      ap_vld|                                  p_out20|       pointer|
|p_out21                                   |  out|   32|      ap_vld|                                  p_out21|       pointer|
|p_out21_ap_vld                            |  out|    1|      ap_vld|                                  p_out21|       pointer|
|p_out22                                   |  out|   32|      ap_vld|                                  p_out22|       pointer|
|p_out22_ap_vld                            |  out|    1|      ap_vld|                                  p_out22|       pointer|
|p_out23                                   |  out|   32|      ap_vld|                                  p_out23|       pointer|
|p_out23_ap_vld                            |  out|    1|      ap_vld|                                  p_out23|       pointer|
|p_out24                                   |  out|   32|      ap_vld|                                  p_out24|       pointer|
|p_out24_ap_vld                            |  out|    1|      ap_vld|                                  p_out24|       pointer|
|p_out25                                   |  out|   32|      ap_vld|                                  p_out25|       pointer|
|p_out25_ap_vld                            |  out|    1|      ap_vld|                                  p_out25|       pointer|
|p_out26                                   |  out|   32|      ap_vld|                                  p_out26|       pointer|
|p_out26_ap_vld                            |  out|    1|      ap_vld|                                  p_out26|       pointer|
|p_out27                                   |  out|   32|      ap_vld|                                  p_out27|       pointer|
|p_out27_ap_vld                            |  out|    1|      ap_vld|                                  p_out27|       pointer|
|p_out28                                   |  out|   32|      ap_vld|                                  p_out28|       pointer|
|p_out28_ap_vld                            |  out|    1|      ap_vld|                                  p_out28|       pointer|
|p_out29                                   |  out|   32|      ap_vld|                                  p_out29|       pointer|
|p_out29_ap_vld                            |  out|    1|      ap_vld|                                  p_out29|       pointer|
|p_out30                                   |  out|   32|      ap_vld|                                  p_out30|       pointer|
|p_out30_ap_vld                            |  out|    1|      ap_vld|                                  p_out30|       pointer|
|p_out31                                   |  out|   32|      ap_vld|                                  p_out31|       pointer|
|p_out31_ap_vld                            |  out|    1|      ap_vld|                                  p_out31|       pointer|
|p_out32                                   |  out|   32|      ap_vld|                                  p_out32|       pointer|
|p_out32_ap_vld                            |  out|    1|      ap_vld|                                  p_out32|       pointer|
|p_out33                                   |  out|   32|      ap_vld|                                  p_out33|       pointer|
|p_out33_ap_vld                            |  out|    1|      ap_vld|                                  p_out33|       pointer|
|p_out34                                   |  out|   32|      ap_vld|                                  p_out34|       pointer|
|p_out34_ap_vld                            |  out|    1|      ap_vld|                                  p_out34|       pointer|
|p_out35                                   |  out|   32|      ap_vld|                                  p_out35|       pointer|
|p_out35_ap_vld                            |  out|    1|      ap_vld|                                  p_out35|       pointer|
|p_out36                                   |  out|   32|      ap_vld|                                  p_out36|       pointer|
|p_out36_ap_vld                            |  out|    1|      ap_vld|                                  p_out36|       pointer|
|p_out37                                   |  out|   32|      ap_vld|                                  p_out37|       pointer|
|p_out37_ap_vld                            |  out|    1|      ap_vld|                                  p_out37|       pointer|
|p_out38                                   |  out|   32|      ap_vld|                                  p_out38|       pointer|
|p_out38_ap_vld                            |  out|    1|      ap_vld|                                  p_out38|       pointer|
|p_out39                                   |  out|   32|      ap_vld|                                  p_out39|       pointer|
|p_out39_ap_vld                            |  out|    1|      ap_vld|                                  p_out39|       pointer|
|p_out40                                   |  out|   32|      ap_vld|                                  p_out40|       pointer|
|p_out40_ap_vld                            |  out|    1|      ap_vld|                                  p_out40|       pointer|
|p_out41                                   |  out|   32|      ap_vld|                                  p_out41|       pointer|
|p_out41_ap_vld                            |  out|    1|      ap_vld|                                  p_out41|       pointer|
|p_out42                                   |  out|   32|      ap_vld|                                  p_out42|       pointer|
|p_out42_ap_vld                            |  out|    1|      ap_vld|                                  p_out42|       pointer|
|p_out43                                   |  out|   32|      ap_vld|                                  p_out43|       pointer|
|p_out43_ap_vld                            |  out|    1|      ap_vld|                                  p_out43|       pointer|
|p_out44                                   |  out|   32|      ap_vld|                                  p_out44|       pointer|
|p_out44_ap_vld                            |  out|    1|      ap_vld|                                  p_out44|       pointer|
|p_out45                                   |  out|   32|      ap_vld|                                  p_out45|       pointer|
|p_out45_ap_vld                            |  out|    1|      ap_vld|                                  p_out45|       pointer|
|p_out46                                   |  out|   32|      ap_vld|                                  p_out46|       pointer|
|p_out46_ap_vld                            |  out|    1|      ap_vld|                                  p_out46|       pointer|
|p_out47                                   |  out|   32|      ap_vld|                                  p_out47|       pointer|
|p_out47_ap_vld                            |  out|    1|      ap_vld|                                  p_out47|       pointer|
|x_8_out                                   |  out|   32|      ap_vld|                                  x_8_out|       pointer|
|x_8_out_ap_vld                            |  out|    1|      ap_vld|                                  x_8_out|       pointer|
|p_out48                                   |  out|   32|      ap_vld|                                  p_out48|       pointer|
|p_out48_ap_vld                            |  out|    1|      ap_vld|                                  p_out48|       pointer|
|x_6_out                                   |  out|   32|      ap_vld|                                  x_6_out|       pointer|
|x_6_out_ap_vld                            |  out|    1|      ap_vld|                                  x_6_out|       pointer|
|p_out49                                   |  out|   32|      ap_vld|                                  p_out49|       pointer|
|p_out49_ap_vld                            |  out|    1|      ap_vld|                                  p_out49|       pointer|
|x_4_out                                   |  out|   32|      ap_vld|                                  x_4_out|       pointer|
|x_4_out_ap_vld                            |  out|    1|      ap_vld|                                  x_4_out|       pointer|
|p_out50                                   |  out|   32|      ap_vld|                                  p_out50|       pointer|
|p_out50_ap_vld                            |  out|    1|      ap_vld|                                  p_out50|       pointer|
|x_out                                     |  out|   32|      ap_vld|                                    x_out|       pointer|
|x_out_ap_vld                              |  out|    1|      ap_vld|                                    x_out|       pointer|
|p_out51                                   |  out|   32|      ap_vld|                                  p_out51|       pointer|
|p_out51_ap_vld                            |  out|    1|      ap_vld|                                  p_out51|       pointer|
+------------------------------------------+-----+-----+------------+-----------------------------------------+--------------+

